// Jest Snapshot v1, https://goo.gl/fbAQLP

exports[`src/components/molecules/Button Component render correctly 1`] = `
<LinearGradient
  angle={271}
  angleCenter={
    {
      "x": 0.5,
      "y": 0.5,
    }
  }
  colors={
    [
      "#176FF2",
      "#196EEE",
    ]
  }
  style={
    [
      {
        "borderRadius": 16,
        "height": 25,
        "width": 155,
      },
      undefined,
    ]
  }
  useAngle={true}
>
  <View
    accessibilityState={
      {
        "busy": undefined,
        "checked": undefined,
        "disabled": undefined,
        "expanded": undefined,
        "selected": undefined,
      }
    }
    accessibilityValue={
      {
        "max": undefined,
        "min": undefined,
        "now": undefined,
        "text": undefined,
      }
    }
    accessible={true}
    collapsable={false}
    focusable={false}
    onClick={[Function]}
    onResponderGrant={[Function]}
    onResponderMove={[Function]}
    onResponderRelease={[Function]}
    onResponderTerminate={[Function]}
    onResponderTerminationRequest={[Function]}
    onStartShouldSetResponder={[Function]}
    style={
      {
        "alignItems": "center",
        "flex": 1,
        "flexDirection": "row",
        "justifyContent": "center",
        "opacity": 1,
      }
    }
  >
    <Text
      style={
        [
          {
            "color": "#3A544F",
            "fontFamily": "Montserrat-Regular",
            "fontSize": 14,
            "lineHeight": 16,
          },
          {
            "color": "#FFF",
            "fontFamily": "Montserrat-SemiBold",
            "fontSize": 16,
            "lineHeight": 24,
          },
        ]
      }
    >
      dream
    </Text>
  </View>
</LinearGradient>
`;
